{"durationMs":"1493.61","level":"info","message":"HTTP 200 on GET /api/ping","method":"GET","route":"/api/ping","service":"tech-rental-app","statusCode":200,"timestamp":"2026-09-10 10:16:11.496","url":"/api/ping"}
{"durationMs":"6.70","level":"info","message":"HTTP 304 on GET /videos/hero.webm","method":"GET","route":"/videos/hero.webm","service":"tech-rental-app","statusCode":304,"timestamp":"2026-09-10 10:19:18.452","url":"/videos/hero.webm"}
{"durationMs":"7.79","level":"info","message":"HTTP 200 on HEAD /admin","method":"HEAD","route":"/admin","service":"tech-rental-app","statusCode":200,"timestamp":"2026-09-10 10:23:16.283","url":"/admin"}
{"durationMs":"5.41","level":"info","message":"HTTP 304 on GET /","method":"GET","route":"/","service":"tech-rental-app","statusCode":304,"timestamp":"2026-09-10 10:23:50.893","url":"/"}
{"durationMs":"12.39","level":"info","message":"HTTP 304 on GET /css/style.css","method":"GET","route":"/css/style.css","service":"tech-rental-app","statusCode":304,"timestamp":"2026-09-10 10:23:50.966","url":"/css/style.css"}
{"durationMs":"10.98","level":"info","message":"HTTP 304 on GET /css/components-card.css","method":"GET","route":"/css/components-card.css","service":"tech-rental-app","statusCode":304,"timestamp":"2026-09-10 10:23:50.973","url":"/css/components-card.css"}
{"durationMs":"28.01","level":"info","message":"HTTP 304 on GET /css/components-bento.css","method":"GET","route":"/css/components-bento.css","service":"tech-rental-app","statusCode":304,"timestamp":"2026-09-10 10:23:51.005","url":"/css/components-bento.css"}
{"durationMs":"27.57","level":"info","message":"HTTP 304 on GET /css/cart.css","method":"GET","route":"/css/cart.css","service":"tech-rental-app","statusCode":304,"timestamp":"2026-09-10 10:23:51.010","url":"/css/cart.css"}
{"durationMs":"26.91","level":"info","message":"HTTP 304 on GET /css/favorites.css","method":"GET","route":"/css/favorites.css","service":"tech-rental-app","statusCode":304,"timestamp":"2026-09-10 10:23:51.015","url":"/css/favorites.css"}
{"durationMs":"25.25","level":"info","message":"HTTP 304 on GET /css/StaggeredMenu.css","method":"GET","route":"/css/StaggeredMenu.css","service":"tech-rental-app","statusCode":304,"timestamp":"2026-09-10 10:23:51.019","url":"/css/StaggeredMenu.css"}
{"durationMs":"23.39","level":"info","message":"HTTP 304 on GET /js/components.js","method":"GET","route":"/js/components.js","service":"tech-rental-app","statusCode":304,"timestamp":"2026-09-10 10:23:51.024","url":"/js/components.js"}
{"durationMs":"5.56","level":"info","message":"HTTP 304 on GET /js/components-bento.js","method":"GET","route":"/js/components-bento.js","service":"tech-rental-app","statusCode":304,"timestamp":"2026-09-10 10:23:51.033","url":"/js/components-bento.js"}
{"durationMs":"8.15","level":"info","message":"HTTP 304 on GET /js/components-card.js","method":"GET","route":"/js/components-card.js","service":"tech-rental-app","statusCode":304,"timestamp":"2026-09-10 10:23:51.045","url":"/js/components-card.js"}
{"durationMs":"10.58","level":"info","message":"HTTP 304 on GET /js/app.js","method":"GET","route":"/js/app.js","service":"tech-rental-app","statusCode":304,"timestamp":"2026-09-10 10:23:51.049","url":"/js/app.js"}
{"durationMs":"2.89","level":"info","message":"HTTP 304 on GET /videos/hero.webm","method":"GET","route":"/videos/hero.webm","service":"tech-rental-app","statusCode":304,"timestamp":"2026-09-10 10:23:51.156","url":"/videos/hero.webm"}
{"durationMs":"2107.07","level":"info","message":"HTTP 304 on GET /api/cart","method":"GET","route":"/api/cart","service":"tech-rental-app","statusCode":304,"timestamp":"2026-09-10 10:23:53.387","url":"/api/cart"}
{"durationMs":"3735.67","level":"info","message":"HTTP 304 on GET /api/home-data","method":"GET","route":"/api/home-data","service":"tech-rental-app","statusCode":304,"timestamp":"2026-09-10 10:23:55.017","url":"/api/home-data"}
{"durationMs":"10.66","level":"info","message":"HTTP 200 on GET /admin","method":"GET","route":"/admin","service":"tech-rental-app","statusCode":200,"timestamp":"2026-09-10 10:23:55.069","url":"/admin"}
{"durationMs":"4.24","level":"info","message":"HTTP 304 on GET /other","method":"GET","route":"/other","service":"tech-rental-app","statusCode":304,"timestamp":"2026-09-10 10:23:55.093","url":"/other"}
{"durationMs":"3.50","level":"info","message":"HTTP 304 on GET /css/style.css","method":"GET","route":"/css/style.css","service":"tech-rental-app","statusCode":304,"timestamp":"2026-09-10 10:23:55.132","url":"/css/style.css"}
{"durationMs":"4.62","ip":"::1","level":"warn","message":"HTTP 401 on GET /api/orders","method":"GET","route":"/api/orders","service":"tech-rental-app","statusCode":401,"timestamp":"2026-09-10 10:23:55.152","url":"/api/orders"}
{"durationMs":"482.46","level":"info","message":"HTTP 200 on GET /api/products","method":"GET","route":"/api/products","service":"tech-rental-app","statusCode":200,"timestamp":"2026-09-10 10:23:55.628","url":"/api/products"}
{"durationMs":"4.59","level":"info","message":"HTTP 304 on GET /other","method":"GET","route":"/other","service":"tech-rental-app","statusCode":304,"timestamp":"2026-09-10 10:23:55.646","url":"/other"}
{"durationMs":"2.48","level":"info","message":"HTTP 304 on GET /","method":"GET","route":"/","service":"tech-rental-app","statusCode":304,"timestamp":"2026-09-10 10:34:03.267","url":"/"}
{"durationMs":"3.15","level":"info","message":"HTTP 304 on GET /css/style.css","method":"GET","route":"/css/style.css","service":"tech-rental-app","statusCode":304,"timestamp":"2026-09-10 10:34:03.323","url":"/css/style.css"}
{"durationMs":"5.20","level":"info","message":"HTTP 304 on GET /css/components-bento.css","method":"GET","route":"/css/components-bento.css","service":"tech-rental-app","statusCode":304,"timestamp":"2026-09-10 10:34:03.334","url":"/css/components-bento.css"}
{"durationMs":"7.16","level":"info","message":"HTTP 304 on GET /css/components-card.css","method":"GET","route":"/css/components-card.css","service":"tech-rental-app","statusCode":304,"timestamp":"2026-09-10 10:34:03.337","url":"/css/components-card.css"}
{"durationMs":"9.39","level":"info","message":"HTTP 304 on GET /css/cart.css","method":"GET","route":"/css/cart.css","service":"tech-rental-app","statusCode":304,"timestamp":"2026-09-10 10:34:03.340","url":"/css/cart.css"}
{"durationMs":"12.07","level":"info","message":"HTTP 304 on GET /css/favorites.css","method":"GET","route":"/css/favorites.css","service":"tech-rental-app","statusCode":304,"timestamp":"2026-09-10 10:34:03.343","url":"/css/favorites.css"}
{"durationMs":"13.94","level":"info","message":"HTTP 304 on GET /css/StaggeredMenu.css","method":"GET","route":"/css/StaggeredMenu.css","service":"tech-rental-app","statusCode":304,"timestamp":"2026-09-10 10:34:03.346","url":"/css/StaggeredMenu.css"}
{"durationMs":"6.09","level":"info","message":"HTTP 304 on GET /js/components.js","method":"GET","route":"/js/components.js","service":"tech-rental-app","statusCode":304,"timestamp":"2026-09-10 10:34:03.353","url":"/js/components.js"}
{"durationMs":"7.92","level":"info","message":"HTTP 304 on GET /js/components-bento.js","method":"GET","route":"/js/components-bento.js","service":"tech-rental-app","statusCode":304,"timestamp":"2026-09-10 10:34:03.357","url":"/js/components-bento.js"}
{"durationMs":"9.78","level":"info","message":"HTTP 304 on GET /js/components-card.js","method":"GET","route":"/js/components-card.js","service":"tech-rental-app","statusCode":304,"timestamp":"2026-09-10 10:34:03.360","url":"/js/components-card.js"}
{"durationMs":"11.17","level":"info","message":"HTTP 304 on GET /js/app.js","method":"GET","route":"/js/app.js","service":"tech-rental-app","statusCode":304,"timestamp":"2026-09-10 10:34:03.363","url":"/js/app.js"}
{"durationMs":"2.04","level":"info","message":"HTTP 304 on GET /videos/hero.webm","method":"GET","route":"/videos/hero.webm","service":"tech-rental-app","statusCode":304,"timestamp":"2026-09-10 10:34:04.959","url":"/videos/hero.webm"}
{"durationMs":"1794.60","level":"info","message":"HTTP 304 on GET /api/cart","method":"GET","route":"/api/cart","service":"tech-rental-app","statusCode":304,"timestamp":"2026-09-10 10:34:06.774","url":"/api/cart"}
{"durationMs":"3003.00","level":"info","message":"HTTP 304 on GET /api/home-data","method":"GET","route":"/api/home-data","service":"tech-rental-app","statusCode":304,"timestamp":"2026-09-10 10:34:07.983","url":"/api/home-data"}
{"durationMs":"2.65","level":"info","message":"HTTP 304 on GET /other","method":"GET","route":"/other","service":"tech-rental-app","statusCode":304,"timestamp":"2026-09-10 10:34:08.067","url":"/other"}
{"durationMs":"5.30","level":"info","message":"HTTP 304 on GET /admin","method":"GET","route":"/admin","service":"tech-rental-app","statusCode":304,"timestamp":"2026-09-10 10:34:11.175","url":"/admin"}
{"durationMs":"1.31","level":"info","message":"HTTP 304 on GET /css/style.css","method":"GET","route":"/css/style.css","service":"tech-rental-app","statusCode":304,"timestamp":"2026-09-10 10:34:11.215","url":"/css/style.css"}
{"durationMs":"2.24","ip":"::1","level":"warn","message":"HTTP 401 on GET /api/orders","method":"GET","route":"/api/orders","service":"tech-rental-app","statusCode":401,"timestamp":"2026-09-10 10:34:11.223","url":"/api/orders"}
{"durationMs":"442.97","level":"info","message":"HTTP 304 on GET /api/products","method":"GET","route":"/api/products","service":"tech-rental-app","statusCode":304,"timestamp":"2026-09-10 10:34:11.666","url":"/api/products"}
{"durationMs":"2.35","level":"info","message":"HTTP 304 on GET /other","method":"GET","route":"/other","service":"tech-rental-app","statusCode":304,"timestamp":"2026-09-10 10:34:11.683","url":"/other"}
{"durationMs":"6.84","level":"info","message":"HTTP 200 on GET /orders","method":"GET","route":"/orders","service":"tech-rental-app","statusCode":200,"timestamp":"2026-09-10 10:34:21.025","url":"/orders"}
{"durationMs":"2.23","level":"info","message":"HTTP 304 on GET /css/style.css","method":"GET","route":"/css/style.css","service":"tech-rental-app","statusCode":304,"timestamp":"2026-09-10 10:34:21.068","url":"/css/style.css"}
{"durationMs":"6.83","level":"info","message":"HTTP 304 on GET /css/StaggeredMenu.css","method":"GET","route":"/css/StaggeredMenu.css","service":"tech-rental-app","statusCode":304,"timestamp":"2026-09-10 10:34:21.084","url":"/css/StaggeredMenu.css"}
{"durationMs":"10.65","level":"info","message":"HTTP 304 on GET /js/app.js","method":"GET","route":"/js/app.js","service":"tech-rental-app","statusCode":304,"timestamp":"2026-09-10 10:34:21.089","url":"/js/app.js"}
{"durationMs":"19.83","level":"info","message":"HTTP 304 on GET /js/components.js","method":"GET","route":"/js/components.js","service":"tech-rental-app","statusCode":304,"timestamp":"2026-09-10 10:34:21.100","url":"/js/components.js"}
{"durationMs":"42.65","level":"info","message":"HTTP 200 on GET /js/popup-component.js","method":"GET","route":"/js/popup-component.js","service":"tech-rental-app","statusCode":200,"timestamp":"2026-09-10 10:34:21.115","url":"/js/popup-component.js"}
{"durationMs":"246.90","level":"info","message":"HTTP 304 on GET /api/cart","method":"GET","route":"/api/cart","service":"tech-rental-app","statusCode":304,"timestamp":"2026-09-10 10:34:21.814","url":"/api/cart"}
{"durationMs":"3.06","level":"info","message":"HTTP 304 on GET /","method":"GET","route":"/","service":"tech-rental-app","statusCode":304,"timestamp":"2026-09-10 10:34:26.349","url":"/"}
{"durationMs":"4.06","level":"info","message":"HTTP 304 on GET /css/style.css","method":"GET","route":"/css/style.css","service":"tech-rental-app","statusCode":304,"timestamp":"2026-09-10 10:34:26.405","url":"/css/style.css"}
{"durationMs":"5.42","level":"info","message":"HTTP 304 on GET /css/components-bento.css","method":"GET","route":"/css/components-bento.css","service":"tech-rental-app","statusCode":304,"timestamp":"2026-09-10 10:34:26.408","url":"/css/components-bento.css"}
{"durationMs":"10.47","level":"info","message":"HTTP 304 on GET /css/components-card.css","method":"GET","route":"/css/components-card.css","service":"tech-rental-app","statusCode":304,"timestamp":"2026-09-10 10:34:26.414","url":"/css/components-card.css"}
{"durationMs":"6.15","level":"info","message":"HTTP 304 on GET /css/cart.css","method":"GET","route":"/css/cart.css","service":"tech-rental-app","statusCode":304,"timestamp":"2026-09-10 10:34:26.416","url":"/css/cart.css"}
{"durationMs":"14.71","level":"info","message":"HTTP 304 on GET /css/favorites.css","method":"GET","route":"/css/favorites.css","service":"tech-rental-app","statusCode":304,"timestamp":"2026-09-10 10:34:26.426","url":"/css/favorites.css"}
{"durationMs":"9.93","level":"info","message":"HTTP 304 on GET /js/components.js","method":"GET","route":"/js/components.js","service":"tech-rental-app","statusCode":304,"timestamp":"2026-09-10 10:34:26.429","url":"/js/components.js"}
{"durationMs":"10.25","level":"info","message":"HTTP 304 on GET /js/components-bento.js","method":"GET","route":"/js/components-bento.js","service":"tech-rental-app","statusCode":304,"timestamp":"2026-09-10 10:34:26.433","url":"/js/components-bento.js"}
{"durationMs":"11.92","level":"info","message":"HTTP 304 on GET /css/StaggeredMenu.css","method":"GET","route":"/css/StaggeredMenu.css","service":"tech-rental-app","statusCode":304,"timestamp":"2026-09-10 10:34:26.436","url":"/css/StaggeredMenu.css"}
{"durationMs":"2.86","level":"info","message":"HTTP 304 on GET /js/components-card.js","method":"GET","route":"/js/components-card.js","service":"tech-rental-app","statusCode":304,"timestamp":"2026-09-10 10:34:26.443","url":"/js/components-card.js"}
{"durationMs":"2.49","level":"info","message":"HTTP 304 on GET /js/app.js","method":"GET","route":"/js/app.js","service":"tech-rental-app","statusCode":304,"timestamp":"2026-09-10 10:34:26.447","url":"/js/app.js"}
{"durationMs":"1.75","level":"info","message":"HTTP 304 on GET /videos/hero.webm","method":"GET","route":"/videos/hero.webm","service":"tech-rental-app","statusCode":304,"timestamp":"2026-09-10 10:34:26.477","url":"/videos/hero.webm"}
{"durationMs":"131.27","level":"info","message":"HTTP 304 on GET /api/cart","method":"GET","route":"/api/cart","service":"tech-rental-app","statusCode":304,"timestamp":"2026-09-10 10:34:26.616","url":"/api/cart"}
{"durationMs":"2601.25","level":"info","message":"HTTP 304 on GET /api/home-data","method":"GET","route":"/api/home-data","service":"tech-rental-app","statusCode":304,"timestamp":"2026-09-10 10:34:29.087","url":"/api/home-data"}
{"durationMs":"3.21","level":"info","message":"HTTP 304 on GET /admin","method":"GET","route":"/admin","service":"tech-rental-app","statusCode":304,"timestamp":"2026-09-10 10:35:46.249","url":"/admin"}
{"durationMs":"3.55","level":"info","message":"HTTP 304 on GET /css/style.css","method":"GET","route":"/css/style.css","service":"tech-rental-app","statusCode":304,"timestamp":"2026-09-10 10:35:46.305","url":"/css/style.css"}
{"durationMs":"2.56","ip":"::1","level":"warn","message":"HTTP 401 on GET /api/orders","method":"GET","route":"/api/orders","service":"tech-rental-app","statusCode":401,"timestamp":"2026-09-10 10:35:46.334","url":"/api/orders"}
{"durationMs":"3678.57","level":"info","message":"HTTP 304 on GET /api/products","method":"GET","route":"/api/products","service":"tech-rental-app","statusCode":304,"timestamp":"2026-09-10 10:35:50.007","url":"/api/products"}
{"durationMs":"5.66","level":"info","message":"HTTP 304 on GET /other","method":"GET","route":"/other","service":"tech-rental-app","statusCode":304,"timestamp":"2026-09-10 10:35:50.022","url":"/other"}
{"durationMs":"1267.99","level":"info","message":"HTTP 200 on GET /api/ping","method":"GET","route":"/api/ping","service":"tech-rental-app","statusCode":200,"timestamp":"2026-09-10 10:39:25.235","url":"/api/ping"}
{"durationMs":"1272.03","level":"info","message":"HTTP 200 on GET /api/ping","method":"GET","route":"/api/ping","service":"tech-rental-app","statusCode":200,"timestamp":"2026-09-10 10:39:25.239","url":"/api/ping"}
{"durationMs":"1273.98","level":"info","message":"HTTP 200 on GET /api/ping","method":"GET","route":"/api/ping","service":"tech-rental-app","statusCode":200,"timestamp":"2026-09-10 10:39:25.241","url":"/api/ping"}
{"durationMs":"1277.96","level":"info","message":"HTTP 200 on GET /api/ping","method":"GET","route":"/api/ping","service":"tech-rental-app","statusCode":200,"timestamp":"2026-09-10 10:39:25.243","url":"/api/ping"}
{"durationMs":"1634.65","level":"info","message":"HTTP 200 on GET /api/ping","method":"GET","route":"/api/ping","service":"tech-rental-app","statusCode":200,"timestamp":"2026-09-10 10:39:25.601","url":"/api/ping"}
{"durationMs":"496.40","level":"info","message":"HTTP 200 on GET /api/products","method":"GET","route":"/api/products","service":"tech-rental-app","statusCode":200,"timestamp":"2026-09-10 10:39:26.237","url":"/api/products"}
{"durationMs":"494.01","level":"info","message":"HTTP 200 on GET /api/products","method":"GET","route":"/api/products","service":"tech-rental-app","statusCode":200,"timestamp":"2026-09-10 10:39:26.242","url":"/api/products"}
{"durationMs":"499.53","level":"info","message":"HTTP 200 on GET /api/products","method":"GET","route":"/api/products","service":"tech-rental-app","statusCode":200,"timestamp":"2026-09-10 10:39:26.244","url":"/api/products"}
{"durationMs":"502.32","level":"info","message":"HTTP 200 on GET /api/products","method":"GET","route":"/api/products","service":"tech-rental-app","statusCode":200,"timestamp":"2026-09-10 10:39:26.247","url":"/api/products"}
{"durationMs":"249.48","level":"info","message":"HTTP 200 on GET /api/products","method":"GET","route":"/api/products","service":"tech-rental-app","statusCode":200,"timestamp":"2026-09-10 10:39:26.355","url":"/api/products"}
{"durationMs":"315.61","level":"info","message":"HTTP 200 on GET /api/products?keyword=camera","method":"GET","route":"/api/products","service":"tech-rental-app","statusCode":200,"timestamp":"2026-09-10 10:39:26.568","url":"/api/products?keyword=camera"}
{"durationMs":"320.39","level":"info","message":"HTTP 200 on GET /api/products?keyword=may_chieu","method":"GET","route":"/api/products","service":"tech-rental-app","statusCode":200,"timestamp":"2026-09-10 10:39:26.571","url":"/api/products?keyword=may_chieu"}
{"durationMs":"324.63","level":"info","message":"HTTP 200 on GET /api/products?keyword=camera","method":"GET","route":"/api/products","service":"tech-rental-app","statusCode":200,"timestamp":"2026-09-10 10:39:26.574","url":"/api/products?keyword=camera"}
{"durationMs":"326.95","level":"info","message":"HTTP 200 on GET /api/products?keyword=laptop","method":"GET","route":"/api/products","service":"tech-rental-app","statusCode":200,"timestamp":"2026-09-10 10:39:26.577","url":"/api/products?keyword=laptop"}
{"durationMs":"493.92","level":"info","message":"HTTP 200 on GET /api/products?keyword=camera","method":"GET","route":"/api/products","service":"tech-rental-app","statusCode":200,"timestamp":"2026-09-10 10:39:26.854","url":"/api/products?keyword=camera"}
{"durationMs":"2558.15","level":"info","message":"HTTP 200 on GET /api/products/1","method":"GET","route":"/api/products/:id","service":"tech-rental-app","statusCode":200,"timestamp":"2026-09-10 10:39:30.139","url":"/api/products/1"}
{"durationMs":"2568.85","level":"info","message":"HTTP 200 on GET /api/products/1","method":"GET","route":"/api/products/:id","service":"tech-rental-app","statusCode":200,"timestamp":"2026-09-10 10:39:30.144","url":"/api/products/1"}
{"durationMs":"2569.37","level":"info","message":"HTTP 200 on GET /api/products/1","method":"GET","route":"/api/products/:id","service":"tech-rental-app","statusCode":200,"timestamp":"2026-09-10 10:39:30.147","url":"/api/products/1"}
{"durationMs":"2677.04","level":"info","message":"HTTP 200 on GET /api/products/1","method":"GET","route":"/api/products/:id","service":"tech-rental-app","statusCode":200,"timestamp":"2026-09-10 10:39:30.537","url":"/api/products/1"}
{"durationMs":"2967.67","level":"info","message":"HTTP 200 on GET /api/products/1","method":"GET","route":"/api/products/:id","service":"tech-rental-app","statusCode":200,"timestamp":"2026-09-10 10:39:30.539","url":"/api/products/1"}
{"durationMs":"47.30","ip":"::ffff:127.0.0.1","level":"warn","message":"HTTP 400 on POST /api/products/1/rent","method":"POST","route":"/api/products/:id/rent","service":"tech-rental-app","statusCode":400,"timestamp":"2026-09-10 10:39:30.993","url":"/api/products/1/rent"}
{"durationMs":"1.99","ip":"::ffff:127.0.0.1","level":"warn","message":"HTTP 400 on POST /api/products/1/rent","method":"POST","route":"/api/products/:id/rent","service":"tech-rental-app","statusCode":400,"timestamp":"2026-09-10 10:39:30.996","url":"/api/products/1/rent"}
{"durationMs":"1.71","ip":"::ffff:127.0.0.1","level":"warn","message":"HTTP 400 on POST /api/products/1/rent","method":"POST","route":"/api/products/:id/rent","service":"tech-rental-app","statusCode":400,"timestamp":"2026-09-10 10:39:30.999","url":"/api/products/1/rent"}
{"durationMs":"1.82","ip":"::ffff:127.0.0.1","level":"warn","message":"HTTP 400 on POST /api/products/1/rent","method":"POST","route":"/api/products/:id/rent","service":"tech-rental-app","statusCode":400,"timestamp":"2026-09-10 10:39:31.347","url":"/api/products/1/rent"}
{"durationMs":"1.49","ip":"::ffff:127.0.0.1","level":"warn","message":"HTTP 400 on POST /api/products/1/rent","method":"POST","route":"/api/products/:id/rent","service":"tech-rental-app","statusCode":400,"timestamp":"2026-09-10 10:39:31.349","url":"/api/products/1/rent"}
{"durationMs":"178.69","level":"info","message":"HTTP 200 on GET /api/ping","method":"GET","route":"/api/ping","service":"tech-rental-app","statusCode":200,"timestamp":"2026-09-10 10:39:32.380","url":"/api/ping"}
{"durationMs":"178.64","level":"info","message":"HTTP 200 on GET /api/ping","method":"GET","route":"/api/ping","service":"tech-rental-app","statusCode":200,"timestamp":"2026-09-10 10:39:32.382","url":"/api/ping"}
{"durationMs":"544.85","level":"info","message":"HTTP 200 on GET /api/ping","method":"GET","route":"/api/ping","service":"tech-rental-app","statusCode":200,"timestamp":"2026-09-10 10:39:32.743","url":"/api/ping"}
{"durationMs":"190.67","level":"info","message":"HTTP 200 on GET /api/ping","method":"GET","route":"/api/ping","service":"tech-rental-app","statusCode":200,"timestamp":"2026-09-10 10:39:32.744","url":"/api/ping"}
{"durationMs":"197.38","level":"info","message":"HTTP 200 on GET /api/ping","method":"GET","route":"/api/ping","service":"tech-rental-app","statusCode":200,"timestamp":"2026-09-10 10:39:32.746","url":"/api/ping"}
{"durationMs":"241.63","level":"info","message":"HTTP 200 on GET /api/products","method":"GET","route":"/api/products","service":"tech-rental-app","statusCode":200,"timestamp":"2026-09-10 10:39:33.128","url":"/api/products"}
{"durationMs":"257.76","level":"info","message":"HTTP 200 on GET /api/products","method":"GET","route":"/api/products","service":"tech-rental-app","statusCode":200,"timestamp":"2026-09-10 10:39:33.141","url":"/api/products"}
{"durationMs":"286.49","level":"info","message":"HTTP 200 on GET /api/products?keyword=ipad","method":"GET","route":"/api/products","service":"tech-rental-app","statusCode":200,"timestamp":"2026-09-10 10:39:33.417","url":"/api/products?keyword=ipad"}
{"durationMs":"276.60","level":"info","message":"HTTP 200 on GET /api/products?keyword=may_chieu","method":"GET","route":"/api/products","service":"tech-rental-app","statusCode":200,"timestamp":"2026-09-10 10:39:33.421","url":"/api/products?keyword=may_chieu"}
{"durationMs":"360.85","level":"info","message":"HTTP 200 on GET /api/products","method":"GET","route":"/api/products","service":"tech-rental-app","statusCode":200,"timestamp":"2026-09-10 10:39:33.608","url":"/api/products"}
{"durationMs":"360.02","level":"info","message":"HTTP 200 on GET /api/products","method":"GET","route":"/api/products","service":"tech-rental-app","statusCode":200,"timestamp":"2026-09-10 10:39:33.610","url":"/api/products"}
{"durationMs":"364.67","level":"info","message":"HTTP 200 on GET /api/products","method":"GET","route":"/api/products","service":"tech-rental-app","statusCode":200,"timestamp":"2026-09-10 10:39:33.613","url":"/api/products"}
{"durationMs":"415.89","level":"info","message":"HTTP 200 on GET /api/products?keyword=camera","method":"GET","route":"/api/products","service":"tech-rental-app","statusCode":200,"timestamp":"2026-09-10 10:39:34.033","url":"/api/products?keyword=camera"}
{"durationMs":"420.42","level":"info","message":"HTTP 200 on GET /api/products?keyword=laptop","method":"GET","route":"/api/products","service":"tech-rental-app","statusCode":200,"timestamp":"2026-09-10 10:39:34.036","url":"/api/products?keyword=laptop"}
{"durationMs":"423.67","level":"info","message":"HTTP 200 on GET /api/products?keyword=laptop","method":"GET","route":"/api/products","service":"tech-rental-app","statusCode":200,"timestamp":"2026-09-10 10:39:34.038","url":"/api/products?keyword=laptop"}
{"durationMs":"2466.50","level":"info","message":"HTTP 200 on GET /api/products/1","method":"GET","route":"/api/products/:id","service":"tech-rental-app","statusCode":200,"timestamp":"2026-09-10 10:39:36.888","url":"/api/products/1"}
{"durationMs":"2893.44","level":"info","message":"HTTP 200 on GET /api/products/1","method":"GET","route":"/api/products/:id","service":"tech-rental-app","statusCode":200,"timestamp":"2026-09-10 10:39:37.319","url":"/api/products/1"}
{"durationMs":"2454.99","level":"info","message":"HTTP 200 on GET /api/products/1","method":"GET","route":"/api/products/:id","service":"tech-rental-app","statusCode":200,"timestamp":"2026-09-10 10:39:37.501","url":"/api/products/1"}
{"durationMs":"2462.18","level":"info","message":"HTTP 200 on GET /api/products/1","method":"GET","route":"/api/products/:id","service":"tech-rental-app","statusCode":200,"timestamp":"2026-09-10 10:39:37.504","url":"/api/products/1"}
{"durationMs":"2461.65","level":"info","message":"HTTP 200 on GET /api/products/1","method":"GET","route":"/api/products/:id","service":"tech-rental-app","statusCode":200,"timestamp":"2026-09-10 10:39:37.507","url":"/api/products/1"}
{"durationMs":"1.74","ip":"::ffff:127.0.0.1","level":"warn","message":"HTTP 400 on POST /api/products/1/rent","method":"POST","route":"/api/products/:id/rent","service":"tech-rental-app","statusCode":400,"timestamp":"2026-09-10 10:39:37.696","url":"/api/products/1/rent"}
{"durationMs":"1.79","ip":"::ffff:127.0.0.1","level":"warn","message":"HTTP 400 on POST /api/products/1/rent","method":"POST","route":"/api/products/:id/rent","service":"tech-rental-app","statusCode":400,"timestamp":"2026-09-10 10:39:38.126","url":"/api/products/1/rent"}
{"durationMs":"1.58","ip":"::ffff:127.0.0.1","level":"warn","message":"HTTP 400 on POST /api/products/1/rent","method":"POST","route":"/api/products/:id/rent","service":"tech-rental-app","statusCode":400,"timestamp":"2026-09-10 10:39:38.309","url":"/api/products/1/rent"}
{"durationMs":"1.61","ip":"::ffff:127.0.0.1","level":"warn","message":"HTTP 400 on POST /api/products/1/rent","method":"POST","route":"/api/products/:id/rent","service":"tech-rental-app","statusCode":400,"timestamp":"2026-09-10 10:39:38.311","url":"/api/products/1/rent"}
{"durationMs":"1.31","ip":"::ffff:127.0.0.1","level":"warn","message":"HTTP 400 on POST /api/products/1/rent","method":"POST","route":"/api/products/:id/rent","service":"tech-rental-app","statusCode":400,"timestamp":"2026-09-10 10:39:38.315","url":"/api/products/1/rent"}
{"durationMs":"1867.49","level":"info","message":"HTTP 200 on GET /api/ping","method":"GET","route":"/api/ping","service":"tech-rental-app","statusCode":200,"timestamp":"2026-09-10 10:40:32.182","url":"/api/ping"}
{"durationMs":"1870.10","level":"info","message":"HTTP 200 on GET /api/ping","method":"GET","route":"/api/ping","service":"tech-rental-app","statusCode":200,"timestamp":"2026-09-10 10:40:32.186","url":"/api/ping"}
{"durationMs":"1872.37","level":"info","message":"HTTP 200 on GET /api/ping","method":"GET","route":"/api/ping","service":"tech-rental-app","statusCode":200,"timestamp":"2026-09-10 10:40:32.188","url":"/api/ping"}
{"durationMs":"523.12","level":"info","message":"HTTP 200 on GET /api/products","method":"GET","route":"/api/products","service":"tech-rental-app","statusCode":200,"timestamp":"2026-09-10 10:40:33.215","url":"/api/products"}
{"durationMs":"527.00","level":"info","message":"HTTP 200 on GET /api/products","method":"GET","route":"/api/products","service":"tech-rental-app","statusCode":200,"timestamp":"2026-09-10 10:40:33.218","url":"/api/products"}
{"durationMs":"533.41","level":"info","message":"HTTP 200 on GET /api/products","method":"GET","route":"/api/products","service":"tech-rental-app","statusCode":200,"timestamp":"2026-09-10 10:40:33.220","url":"/api/products"}
{"durationMs":"390.03","level":"info","message":"HTTP 200 on GET /api/products?keyword=may_chieu","method":"GET","route":"/api/products","service":"tech-rental-app","statusCode":200,"timestamp":"2026-09-10 10:40:33.616","url":"/api/products?keyword=may_chieu"}
{"durationMs":"395.26","level":"info","message":"HTTP 200 on GET /api/products?keyword=camera","method":"GET","route":"/api/products","service":"tech-rental-app","statusCode":200,"timestamp":"2026-09-10 10:40:33.619","url":"/api/products?keyword=camera"}
{"durationMs":"400.45","level":"info","message":"HTTP 200 on GET /api/products?keyword=may_chieu","method":"GET","route":"/api/products","service":"tech-rental-app","statusCode":200,"timestamp":"2026-09-10 10:40:33.622","url":"/api/products?keyword=may_chieu"}
{"durationMs":"2471.38","level":"info","message":"HTTP 200 on GET /api/products/1","method":"GET","route":"/api/products/:id","service":"tech-rental-app","statusCode":200,"timestamp":"2026-09-10 10:40:37.098","url":"/api/products/1"}
{"durationMs":"2475.47","level":"info","message":"HTTP 200 on GET /api/products/1","method":"GET","route":"/api/products/:id","service":"tech-rental-app","statusCode":200,"timestamp":"2026-09-10 10:40:37.100","url":"/api/products/1"}
{"durationMs":"2480.21","level":"info","message":"HTTP 200 on GET /api/products/1","method":"GET","route":"/api/products/:id","service":"tech-rental-app","statusCode":200,"timestamp":"2026-09-10 10:40:37.104","url":"/api/products/1"}
{"durationMs":"1.36","ip":"::ffff:127.0.0.1","level":"warn","message":"HTTP 400 on POST /api/products/1/rent","method":"POST","route":"/api/products/:id/rent","service":"tech-rental-app","statusCode":400,"timestamp":"2026-09-10 10:40:37.907","url":"/api/products/1/rent"}
{"durationMs":"3.87","ip":"::ffff:127.0.0.1","level":"warn","message":"HTTP 400 on POST /api/products/1/rent","method":"POST","route":"/api/products/:id/rent","service":"tech-rental-app","statusCode":400,"timestamp":"2026-09-10 10:40:37.911","url":"/api/products/1/rent"}
{"durationMs":"1.88","ip":"::ffff:127.0.0.1","level":"warn","message":"HTTP 400 on POST /api/products/1/rent","method":"POST","route":"/api/products/:id/rent","service":"tech-rental-app","statusCode":400,"timestamp":"2026-09-10 10:40:37.914","url":"/api/products/1/rent"}
{"durationMs":"1.58","ip":"::1","level":"warn","message":"HTTP 401 on GET /api/orders","method":"GET","route":"/api/orders","service":"tech-rental-app","statusCode":401,"timestamp":"2026-09-10 10:41:53.194","url":"/api/orders"}
{"durationMs":"2552.74","ip":"::1","level":"warn","message":"HTTP 500 on GET /api/payment/pending","method":"GET","route":"/api/payment/pending","service":"tech-rental-app","statusCode":500,"timestamp":"2026-09-10 10:41:59.222","url":"/api/payment/pending"}
{"durationMs":"1.72","level":"info","message":"HTTP 304 on GET /videos/hero.webm","method":"GET","route":"/videos/hero.webm","service":"tech-rental-app","statusCode":304,"timestamp":"2026-09-10 10:42:32.384","url":"/videos/hero.webm"}
{"durationMs":"4.90","level":"info","message":"HTTP 200 on GET /products.html?category=dien-thoai","method":"GET","route":"/products.html","service":"tech-rental-app","statusCode":200,"timestamp":"2026-09-10 10:42:36.207","url":"/products.html?category=dien-thoai"}
{"durationMs":"2.32","level":"info","message":"HTTP 304 on GET /css/style.css","method":"GET","route":"/css/style.css","service":"tech-rental-app","statusCode":304,"timestamp":"2026-09-10 10:42:36.261","url":"/css/style.css"}
{"durationMs":"8.62","level":"info","message":"HTTP 304 on GET /css/StaggeredMenu.css","method":"GET","route":"/css/StaggeredMenu.css","service":"tech-rental-app","statusCode":304,"timestamp":"2026-09-10 10:42:36.273","url":"/css/StaggeredMenu.css"}
{"durationMs":"9.97","level":"info","message":"HTTP 304 on GET /js/components-card.js","method":"GET","route":"/js/components-card.js","service":"tech-rental-app","statusCode":304,"timestamp":"2026-09-10 10:42:36.277","url":"/js/components-card.js"}
{"durationMs":"13.06","level":"info","message":"HTTP 304 on GET /js/components.js","method":"GET","route":"/js/components.js","service":"tech-rental-app","statusCode":304,"timestamp":"2026-09-10 10:42:36.282","url":"/js/components.js"}
{"durationMs":"14.56","level":"info","message":"HTTP 304 on GET /js/app.js","method":"GET","route":"/js/app.js","service":"tech-rental-app","statusCode":304,"timestamp":"2026-09-10 10:42:36.284","url":"/js/app.js"}
{"durationMs":"20.31","level":"info","message":"HTTP 200 on GET /js/products.js","method":"GET","route":"/js/products.js","service":"tech-rental-app","statusCode":200,"timestamp":"2026-09-10 10:42:36.288","url":"/js/products.js"}
{"durationMs":"1465.79","level":"info","message":"HTTP 304 on GET /api/cart","method":"GET","route":"/api/cart","service":"tech-rental-app","statusCode":304,"timestamp":"2026-09-10 10:42:37.937","url":"/api/cart"}
{"durationMs":"1661.57","level":"info","message":"HTTP 304 on GET /api/products","method":"GET","route":"/api/products","service":"tech-rental-app","statusCode":304,"timestamp":"2026-09-10 10:42:38.133","url":"/api/products"}
{"durationMs":"6.22","level":"info","message":"HTTP 200 on GET /M%C3%B4%20t%E1%BA%A3%20cho%20%C4%90i%E1%BB%87n%20tho%E1%BA%A1i","method":"GET","route":"/M%C3%B4%20t%E1%BA%A3%20cho%20%C4%90i%E1%BB%87n%20tho%E1%BA%A1i","service":"tech-rental-app","statusCode":200,"timestamp":"2026-09-10 10:42:38.174","url":"/M%C3%B4%20t%E1%BA%A3%20cho%20%C4%90i%E1%BB%87n%20tho%E1%BA%A1i"}
{"durationMs":"7.33","level":"info","message":"HTTP 200 on GET /Safe%20Description%20with%20HTML%20tags","method":"GET","route":"/Safe%20Description%20with%20HTML%20tags","service":"tech-rental-app","statusCode":200,"timestamp":"2026-09-10 10:42:38.176","url":"/Safe%20Description%20with%20HTML%20tags"}
{"durationMs":"2.99","level":"info","message":"HTTP 304 on GET /other","method":"GET","route":"/other","service":"tech-rental-app","statusCode":304,"timestamp":"2026-09-10 10:42:38.198","url":"/other"}
{"durationMs":"2.93","level":"info","message":"HTTP 304 on GET /M%C3%B4%20t%E1%BA%A3%20cho%20%C4%90i%E1%BB%87n%20tho%E1%BA%A1i","method":"GET","route":"/M%C3%B4%20t%E1%BA%A3%20cho%20%C4%90i%E1%BB%87n%20tho%E1%BA%A1i","service":"tech-rental-app","statusCode":304,"timestamp":"2026-09-10 10:42:43.096","url":"/M%C3%B4%20t%E1%BA%A3%20cho%20%C4%90i%E1%BB%87n%20tho%E1%BA%A1i"}
{"durationMs":"4.13","level":"info","message":"HTTP 304 on GET /Safe%20Description%20with%20HTML%20tags","method":"GET","route":"/Safe%20Description%20with%20HTML%20tags","service":"tech-rental-app","statusCode":304,"timestamp":"2026-09-10 10:42:43.098","url":"/Safe%20Description%20with%20HTML%20tags"}
{"durationMs":"3.53","level":"info","message":"HTTP 304 on GET /other","method":"GET","route":"/other","service":"tech-rental-app","statusCode":304,"timestamp":"2026-09-10 10:42:43.117","url":"/other"}
{"durationMs":"4.56","level":"info","message":"HTTP 200 on GET /product.html?id=1","method":"GET","route":"/product.html","service":"tech-rental-app","statusCode":200,"timestamp":"2026-09-10 10:42:48.210","url":"/product.html?id=1"}
{"durationMs":"3.04","level":"info","message":"HTTP 304 on GET /css/style.css","method":"GET","route":"/css/style.css","service":"tech-rental-app","statusCode":304,"timestamp":"2026-09-10 10:42:48.263","url":"/css/style.css"}
{"durationMs":"4.76","level":"info","message":"HTTP 304 on GET /css/StaggeredMenu.css","method":"GET","route":"/css/StaggeredMenu.css","service":"tech-rental-app","statusCode":304,"timestamp":"2026-09-10 10:42:48.266","url":"/css/StaggeredMenu.css"}
{"durationMs":"10.01","level":"info","message":"HTTP 304 on GET /js/components.js","method":"GET","route":"/js/components.js","service":"tech-rental-app","statusCode":304,"timestamp":"2026-09-10 10:42:48.272","url":"/js/components.js"}
{"durationMs":"4.61","level":"info","message":"HTTP 304 on GET /js/app.js","method":"GET","route":"/js/app.js","service":"tech-rental-app","statusCode":304,"timestamp":"2026-09-10 10:42:48.280","url":"/js/app.js"}
{"durationMs":"5.34","level":"info","message":"HTTP 304 on GET /js/popup-component.js","method":"GET","route":"/js/popup-component.js","service":"tech-rental-app","statusCode":304,"timestamp":"2026-09-10 10:42:48.282","url":"/js/popup-component.js"}
{"durationMs":"16.77","level":"info","message":"HTTP 200 on GET /js/product-detail.js","method":"GET","route":"/js/product-detail.js","service":"tech-rental-app","statusCode":200,"timestamp":"2026-09-10 10:42:48.285","url":"/js/product-detail.js"}
{"durationMs":"1882.54","level":"info","message":"HTTP 304 on GET /api/cart","method":"GET","route":"/api/cart","service":"tech-rental-app","statusCode":304,"timestamp":"2026-09-10 10:42:50.221","url":"/api/cart"}
{"durationMs":"4337.34","level":"info","message":"HTTP 200 on GET /api/products/1","method":"GET","route":"/api/products/:id","service":"tech-rental-app","statusCode":200,"timestamp":"2026-09-10 10:42:52.675","url":"/api/products/1"}
{"durationMs":"146.27","level":"info","message":"HTTP 200 on GET /api/favorites/check/1","method":"GET","route":"/api/favorites/check/:id","service":"tech-rental-app","statusCode":200,"timestamp":"2026-09-10 10:42:52.831","url":"/api/favorites/check/1"}
{"durationMs":"3.46","level":"info","message":"HTTP 304 on GET /other","method":"GET","route":"/other","service":"tech-rental-app","statusCode":304,"timestamp":"2026-09-10 10:42:52.873","url":"/other"}
{"durationMs":"1543.84","level":"info","message":"HTTP 200 on GET /api/admin/devices","method":"GET","route":"/api/admin/devices","service":"tech-rental-app","statusCode":200,"timestamp":"2026-09-10 10:54:00.123","url":"/api/admin/devices"}
{"durationMs":"1579.11","level":"info","message":"HTTP 200 on GET /api/admin/orders","method":"GET","route":"/api/admin/orders","service":"tech-rental-app","statusCode":200,"timestamp":"2026-09-10 10:54:54.201","url":"/api/admin/orders"}
{"durationMs":"303.74","level":"info","message":"HTTP 200 on GET /api/admin/categories","method":"GET","route":"/api/admin/categories","service":"tech-rental-app","statusCode":200,"timestamp":"2026-09-10 10:55:01.552","url":"/api/admin/categories"}
{"durationMs":"278.62","level":"info","message":"HTTP 200 on GET /api/admin/customers","method":"GET","route":"/api/admin/customers","service":"tech-rental-app","statusCode":200,"timestamp":"2026-09-10 10:55:02.586","url":"/api/admin/customers"}
{"durationMs":"2.62","level":"info","message":"HTTP 200 on HEAD /admin","method":"HEAD","route":"/admin","service":"tech-rental-app","statusCode":200,"timestamp":"2026-09-10 10:55:55.034","url":"/admin"}
{"level":"info","message":"Admin created device #31: Thi?t B? Test CRUD Soft Delete with daily price 199000","service":"tech-rental-app","timestamp":"2026-09-10 10:56:07.500"}
{"durationMs":"2400.92","level":"info","message":"HTTP 200 on POST /api/admin/devices","method":"POST","route":"/api/admin/devices","service":"tech-rental-app","statusCode":200,"timestamp":"2026-09-10 10:56:07.503","url":"/api/admin/devices"}
{"level":"info","message":"Admin soft-deleted device #31","service":"tech-rental-app","timestamp":"2026-09-10 10:56:08.116"}
{"durationMs":"452.20","level":"info","message":"HTTP 200 on DELETE /api/admin/devices/31","method":"DELETE","route":"/api/admin/devices/:id","service":"tech-rental-app","statusCode":200,"timestamp":"2026-09-10 10:56:08.118","url":"/api/admin/devices/31"}
{"level":"info","message":"Admin restored device #31","service":"tech-rental-app","timestamp":"2026-09-10 10:56:08.523"}
{"durationMs":"384.47","level":"info","message":"HTTP 200 on POST /api/admin/devices/31/restore","method":"POST","route":"/api/admin/devices/:id/restore","service":"tech-rental-app","statusCode":200,"timestamp":"2026-09-10 10:56:08.525","url":"/api/admin/devices/31/restore"}
{"level":"info","message":"Admin soft-deleted device #31","service":"tech-rental-app","timestamp":"2026-09-10 10:56:18.361"}
{"durationMs":"506.47","level":"info","message":"HTTP 200 on DELETE /api/admin/devices/31","method":"DELETE","route":"/api/admin/devices/:id","service":"tech-rental-app","statusCode":200,"timestamp":"2026-09-10 10:56:18.363","url":"/api/admin/devices/31"}
{"durationMs":"15.01","level":"info","message":"HTTP 200 on GET /admin","method":"GET","route":"/admin","service":"tech-rental-app","statusCode":200,"timestamp":"2026-09-10 10:56:52.911","url":"/admin"}
{"durationMs":"2.60","level":"info","message":"HTTP 304 on GET /css/style.css","method":"GET","route":"/css/style.css","service":"tech-rental-app","statusCode":304,"timestamp":"2026-09-10 10:56:52.959","url":"/css/style.css"}
{"durationMs":"3675.44","level":"info","message":"HTTP 200 on GET /api/admin/devices?status=active","method":"GET","route":"/api/admin/devices","service":"tech-rental-app","statusCode":200,"timestamp":"2026-09-10 10:56:56.651","url":"/api/admin/devices?status=active"}
{"durationMs":"3672.71","level":"info","message":"HTTP 200 on GET /api/admin/customers","method":"GET","route":"/api/admin/customers","service":"tech-rental-app","statusCode":200,"timestamp":"2026-09-10 10:56:56.657","url":"/api/admin/customers"}
{"durationMs":"3695.82","level":"info","message":"HTTP 200 on GET /api/admin/orders?status=","method":"GET","route":"/api/admin/orders","service":"tech-rental-app","statusCode":200,"timestamp":"2026-09-10 10:56:56.672","url":"/api/admin/orders?status="}
{"durationMs":"3705.95","level":"info","message":"HTTP 200 on GET /api/admin/categories","method":"GET","route":"/api/admin/categories","service":"tech-rental-app","statusCode":200,"timestamp":"2026-09-10 10:56:56.680","url":"/api/admin/categories"}
{"durationMs":"14.23","level":"info","message":"HTTP 304 on GET /other","method":"GET","route":"/other","service":"tech-rental-app","statusCode":304,"timestamp":"2026-09-10 10:56:56.696","url":"/other"}
{"durationMs":"209.45","level":"info","message":"HTTP 200 on GET /api/admin/devices?status=deleted","method":"GET","route":"/api/admin/devices","service":"tech-rental-app","statusCode":200,"timestamp":"2026-09-10 10:57:05.665","url":"/api/admin/devices?status=deleted"}
{"durationMs":"5.41","level":"info","message":"HTTP 200 on GET /laptop","method":"GET","route":"/laptop","service":"tech-rental-app","statusCode":200,"timestamp":"2026-09-10 10:57:05.678","url":"/laptop"}
{"durationMs":"264.79","level":"info","message":"HTTP 304 on GET /api/admin/devices?status=active","method":"GET","route":"/api/admin/devices","service":"tech-rental-app","statusCode":304,"timestamp":"2026-09-10 10:57:11.206","url":"/api/admin/devices?status=active"}
{"durationMs":"4.69","level":"info","message":"HTTP 304 on GET /other","method":"GET","route":"/other","service":"tech-rental-app","statusCode":304,"timestamp":"2026-09-10 10:57:11.222","url":"/other"}
{"durationMs":"270.60","level":"info","message":"HTTP 304 on GET /api/admin/categories","method":"GET","route":"/api/admin/categories","service":"tech-rental-app","statusCode":304,"timestamp":"2026-09-10 10:57:12.422","url":"/api/admin/categories"}
{"durationMs":"168.05","level":"info","message":"HTTP 304 on GET /api/admin/devices?status=active","method":"GET","route":"/api/admin/devices","service":"tech-rental-app","statusCode":304,"timestamp":"2026-09-10 10:57:13.455","url":"/api/admin/devices?status=active"}
{"durationMs":"3.23","level":"info","message":"HTTP 304 on GET /other","method":"GET","route":"/other","service":"tech-rental-app","statusCode":304,"timestamp":"2026-09-10 10:57:13.469","url":"/other"}
{"durationMs":"2891.28","level":"info","message":"HTTP 304 on GET /api/admin/categories","method":"GET","route":"/api/admin/categories","service":"tech-rental-app","statusCode":304,"timestamp":"2026-09-10 10:57:41.297","url":"/api/admin/categories"}
{"durationMs":"185.51","level":"info","message":"HTTP 304 on GET /api/admin/orders?status=","method":"GET","route":"/api/admin/orders","service":"tech-rental-app","statusCode":304,"timestamp":"2026-09-10 10:57:43.476","url":"/api/admin/orders?status="}
{"durationMs":"227.65","level":"info","message":"HTTP 304 on GET /api/admin/categories","method":"GET","route":"/api/admin/categories","service":"tech-rental-app","statusCode":304,"timestamp":"2026-09-10 10:57:44.578","url":"/api/admin/categories"}
{"durationMs":"204.37","level":"info","message":"HTTP 304 on GET /api/admin/orders?status=","method":"GET","route":"/api/admin/orders","service":"tech-rental-app","statusCode":304,"timestamp":"2026-09-10 10:57:46.010","url":"/api/admin/orders?status="}
{"durationMs":"2677.11","level":"info","message":"HTTP 304 on GET /api/admin/customers","method":"GET","route":"/api/admin/customers","service":"tech-rental-app","statusCode":304,"timestamp":"2026-09-10 10:58:04.816","url":"/api/admin/customers"}
{"durationMs":"191.95","level":"info","message":"HTTP 304 on GET /api/admin/orders?status=","method":"GET","route":"/api/admin/orders","service":"tech-rental-app","statusCode":304,"timestamp":"2026-09-10 10:58:06.090","url":"/api/admin/orders?status="}
{"durationMs":"193.12","level":"info","message":"HTTP 200 on GET /api/admin/payments","method":"GET","route":"/api/admin/payments","service":"tech-rental-app","statusCode":200,"timestamp":"2026-09-10 10:58:08.740","url":"/api/admin/payments"}
{"durationMs":"115.06","level":"info","message":"HTTP 304 on GET /api/admin/customers","method":"GET","route":"/api/admin/customers","service":"tech-rental-app","statusCode":304,"timestamp":"2026-09-10 10:58:17.107","url":"/api/admin/customers"}
{"durationMs":"318.95","level":"info","message":"HTTP 304 on GET /api/admin/orders?status=","method":"GET","route":"/api/admin/orders","service":"tech-rental-app","statusCode":304,"timestamp":"2026-09-10 10:58:18.153","url":"/api/admin/orders?status="}
{"durationMs":"168.67","level":"info","message":"HTTP 304 on GET /api/admin/categories","method":"GET","route":"/api/admin/categories","service":"tech-rental-app","statusCode":304,"timestamp":"2026-09-10 10:58:19.518","url":"/api/admin/categories"}
{"durationMs":"120.76","level":"info","message":"HTTP 304 on GET /api/admin/devices?status=active","method":"GET","route":"/api/admin/devices","service":"tech-rental-app","statusCode":304,"timestamp":"2026-09-10 10:58:20.296","url":"/api/admin/devices?status=active"}
{"durationMs":"2.91","level":"info","message":"HTTP 304 on GET /other","method":"GET","route":"/other","service":"tech-rental-app","statusCode":304,"timestamp":"2026-09-10 10:58:20.306","url":"/other"}
{"durationMs":"3301.11","level":"info","message":"HTTP 200 on GET /api/admin/meta","method":"GET","route":"/api/admin/meta","service":"tech-rental-app","statusCode":200,"timestamp":"2026-09-10 11:03:37.039","url":"/api/admin/meta"}
{"durationMs":"549.34","level":"info","message":"HTTP 200 on GET /api/admin/devices/1","method":"GET","route":"/api/admin/devices/:id","service":"tech-rental-app","statusCode":200,"timestamp":"2026-09-10 11:03:37.638","url":"/api/admin/devices/1"}
{"level":"info","message":"Admin added variant #34 to device #1","service":"tech-rental-app","timestamp":"2026-09-10 11:05:05.096"}
{"durationMs":"1706.53","level":"info","message":"HTTP 200 on POST /api/admin/devices/1/variants","method":"POST","route":"/api/admin/devices/:id/variants","service":"tech-rental-app","statusCode":200,"timestamp":"2026-09-10 11:05:05.098","url":"/api/admin/devices/1/variants"}
{"durationMs":"278.10","ip":"::1","level":"warn","message":"HTTP 500 on POST /api/admin/devices/1/images","method":"POST","route":"/api/admin/devices/:id/images","service":"tech-rental-app","statusCode":500,"timestamp":"2026-09-10 11:05:05.495","url":"/api/admin/devices/1/images"}
{"level":"info","message":"Admin added image #4 for device #1","service":"tech-rental-app","timestamp":"2026-09-10 11:05:59.179"}
{"durationMs":"1476.02","level":"info","message":"HTTP 200 on POST /api/admin/devices/1/images","method":"POST","route":"/api/admin/devices/:id/images","service":"tech-rental-app","statusCode":200,"timestamp":"2026-09-10 11:05:59.181","url":"/api/admin/devices/1/images"}
{"durationMs":"142.08","level":"info","message":"HTTP 200 on DELETE /api/admin/images/4","method":"DELETE","route":"/api/admin/images/:id","service":"tech-rental-app","statusCode":200,"timestamp":"2026-09-10 11:06:07.970","url":"/api/admin/images/4"}
{"durationMs":"161.08","level":"info","message":"HTTP 200 on DELETE /api/admin/variants/34","method":"DELETE","route":"/api/admin/variants/:id","service":"tech-rental-app","statusCode":200,"timestamp":"2026-09-10 11:06:16.983","url":"/api/admin/variants/34"}
{"durationMs":"18.92","level":"info","message":"HTTP 200 on GET /admin","method":"GET","route":"/admin","service":"tech-rental-app","statusCode":200,"timestamp":"2026-09-10 11:06:46.053","url":"/admin"}
{"durationMs":"2.58","level":"info","message":"HTTP 304 on GET /css/style.css","method":"GET","route":"/css/style.css","service":"tech-rental-app","statusCode":304,"timestamp":"2026-09-10 11:06:46.102","url":"/css/style.css"}
{"durationMs":"3204.92","level":"info","message":"HTTP 200 on GET /api/admin/meta","method":"GET","route":"/api/admin/meta","service":"tech-rental-app","statusCode":200,"timestamp":"2026-09-10 11:06:49.335","url":"/api/admin/meta"}
{"durationMs":"218.95","level":"info","message":"HTTP 200 on GET /api/admin/devices?status=active","method":"GET","route":"/api/admin/devices","service":"tech-rental-app","statusCode":200,"timestamp":"2026-09-10 11:06:49.561","url":"/api/admin/devices?status=active"}
{"durationMs":"3.58","level":"info","message":"HTTP 304 on GET /other","method":"GET","route":"/other","service":"tech-rental-app","statusCode":304,"timestamp":"2026-09-10 11:06:49.577","url":"/other"}
{"durationMs":"1392.17","level":"info","message":"HTTP 304 on GET /api/admin/customers","method":"GET","route":"/api/admin/customers","service":"tech-rental-app","statusCode":304,"timestamp":"2026-09-10 11:06:50.744","url":"/api/admin/customers"}
{"durationMs":"1414.05","level":"info","message":"HTTP 304 on GET /api/admin/orders?status=","method":"GET","route":"/api/admin/orders","service":"tech-rental-app","statusCode":304,"timestamp":"2026-09-10 11:06:50.757","url":"/api/admin/orders?status="}
{"durationMs":"4.85","level":"info","message":"HTTP 304 on GET /admin","method":"GET","route":"/admin","service":"tech-rental-app","statusCode":304,"timestamp":"2026-09-10 11:07:18.094","url":"/admin"}
{"durationMs":"3.35","level":"info","message":"HTTP 304 on GET /css/style.css","method":"GET","route":"/css/style.css","service":"tech-rental-app","statusCode":304,"timestamp":"2026-09-10 11:07:18.140","url":"/css/style.css"}
{"durationMs":"1716.47","level":"info","message":"HTTP 304 on GET /api/admin/meta","method":"GET","route":"/api/admin/meta","service":"tech-rental-app","statusCode":304,"timestamp":"2026-09-10 11:07:19.864","url":"/api/admin/meta"}
{"durationMs":"189.72","level":"info","message":"HTTP 304 on GET /api/admin/devices?status=active","method":"GET","route":"/api/admin/devices","service":"tech-rental-app","statusCode":304,"timestamp":"2026-09-10 11:07:20.064","url":"/api/admin/devices?status=active"}
{"durationMs":"3.27","level":"info","message":"HTTP 304 on GET /other","method":"GET","route":"/other","service":"tech-rental-app","statusCode":304,"timestamp":"2026-09-10 11:07:20.075","url":"/other"}
{"durationMs":"1424.37","level":"info","message":"HTTP 304 on GET /api/admin/customers","method":"GET","route":"/api/admin/customers","service":"tech-rental-app","statusCode":304,"timestamp":"2026-09-10 11:07:21.302","url":"/api/admin/customers"}
{"durationMs":"1437.49","level":"info","message":"HTTP 304 on GET /api/admin/orders?status=","method":"GET","route":"/api/admin/orders","service":"tech-rental-app","statusCode":304,"timestamp":"2026-09-10 11:07:21.315","url":"/api/admin/orders?status="}
{"durationMs":"7.74","level":"info","message":"HTTP 304 on GET /admin","method":"GET","route":"/admin","service":"tech-rental-app","statusCode":304,"timestamp":"2026-09-10 11:07:31.556","url":"/admin"}
{"durationMs":"2.39","level":"info","message":"HTTP 304 on GET /css/style.css","method":"GET","route":"/css/style.css","service":"tech-rental-app","statusCode":304,"timestamp":"2026-09-10 11:07:31.585","url":"/css/style.css"}
{"durationMs":"1794.74","level":"info","message":"HTTP 304 on GET /api/admin/meta","method":"GET","route":"/api/admin/meta","service":"tech-rental-app","statusCode":304,"timestamp":"2026-09-10 11:07:33.580","url":"/api/admin/meta"}
{"durationMs":"186.64","level":"info","message":"HTTP 304 on GET /api/admin/devices?status=active","method":"GET","route":"/api/admin/devices","service":"tech-rental-app","statusCode":304,"timestamp":"2026-09-10 11:07:33.775","url":"/api/admin/devices?status=active"}
{"durationMs":"4.87","level":"info","message":"HTTP 304 on GET /other","method":"GET","route":"/other","service":"tech-rental-app","statusCode":304,"timestamp":"2026-09-10 11:07:33.807","url":"/other"}
{"durationMs":"1355.40","level":"info","message":"HTTP 304 on GET /api/admin/customers","method":"GET","route":"/api/admin/customers","service":"tech-rental-app","statusCode":304,"timestamp":"2026-09-10 11:07:34.952","url":"/api/admin/customers"}
{"durationMs":"1379.44","level":"info","message":"HTTP 304 on GET /api/admin/orders?status=","method":"GET","route":"/api/admin/orders","service":"tech-rental-app","statusCode":304,"timestamp":"2026-09-10 11:07:34.971","url":"/api/admin/orders?status="}
{"durationMs":"5.41","level":"info","message":"HTTP 200 on GET /admin","method":"GET","route":"/admin","service":"tech-rental-app","statusCode":200,"timestamp":"2026-09-10 11:07:38.088","url":"/admin"}
{"durationMs":"4.79","level":"info","message":"HTTP 200 on GET /css/style.css","method":"GET","route":"/css/style.css","service":"tech-rental-app","statusCode":200,"timestamp":"2026-09-10 11:07:38.131","url":"/css/style.css"}
{"durationMs":"559.98","level":"info","message":"HTTP 200 on GET /api/admin/meta","method":"GET","route":"/api/admin/meta","service":"tech-rental-app","statusCode":200,"timestamp":"2026-09-10 11:07:39.928","url":"/api/admin/meta"}
{"durationMs":"158.20","level":"info","message":"HTTP 200 on GET /api/admin/customers","method":"GET","route":"/api/admin/customers","service":"tech-rental-app","statusCode":200,"timestamp":"2026-09-10 11:07:40.111","url":"/api/admin/customers"}
{"durationMs":"169.61","level":"info","message":"HTTP 200 on GET /api/admin/orders?status=","method":"GET","route":"/api/admin/orders","service":"tech-rental-app","statusCode":200,"timestamp":"2026-09-10 11:07:40.122","url":"/api/admin/orders?status="}
{"durationMs":"177.78","level":"info","message":"HTTP 200 on GET /api/admin/devices?status=active","method":"GET","route":"/api/admin/devices","service":"tech-rental-app","statusCode":200,"timestamp":"2026-09-10 11:07:40.130","url":"/api/admin/devices?status=active"}
{"durationMs":"4.68","level":"info","message":"HTTP 200 on GET /other","method":"GET","route":"/other","service":"tech-rental-app","statusCode":200,"timestamp":"2026-09-10 11:07:41.221","url":"/other"}
{"durationMs":"2211.14","level":"info","message":"HTTP 200 on GET /api/admin/devices/29","method":"GET","route":"/api/admin/devices/:id","service":"tech-rental-app","statusCode":200,"timestamp":"2026-09-10 11:08:19.043","url":"/api/admin/devices/29"}
{"durationMs":"611.23","level":"info","message":"HTTP 304 on GET /api/admin/devices/29","method":"GET","route":"/api/admin/devices/:id","service":"tech-rental-app","statusCode":304,"timestamp":"2026-09-10 11:08:19.657","url":"/api/admin/devices/29"}
{"durationMs":"814.03","level":"info","message":"HTTP 304 on GET /api/admin/devices/29","method":"GET","route":"/api/admin/devices/:id","service":"tech-rental-app","statusCode":304,"timestamp":"2026-09-10 11:08:20.475","url":"/api/admin/devices/29"}
{"durationMs":"539.07","level":"info","message":"HTTP 304 on GET /api/admin/devices/29","method":"GET","route":"/api/admin/devices/:id","service":"tech-rental-app","statusCode":304,"timestamp":"2026-09-10 11:08:28.646","url":"/api/admin/devices/29"}
{"durationMs":"2726.00","level":"info","message":"HTTP 200 on GET /api/admin/devices/1","method":"GET","route":"/api/admin/devices/:id","service":"tech-rental-app","statusCode":200,"timestamp":"2026-09-10 11:09:03.896","url":"/api/admin/devices/1"}
{"durationMs":"607.37","level":"info","message":"HTTP 304 on GET /api/admin/devices/1","method":"GET","route":"/api/admin/devices/:id","service":"tech-rental-app","statusCode":304,"timestamp":"2026-09-10 11:09:04.508","url":"/api/admin/devices/1"}
{"durationMs":"3.71","level":"info","message":"HTTP 304 on GET /product.html?id=1","method":"GET","route":"/product.html","service":"tech-rental-app","statusCode":304,"timestamp":"2026-09-10 11:09:17.090","url":"/product.html?id=1"}
{"durationMs":"1.66","level":"info","message":"HTTP 304 on GET /css/style.css","method":"GET","route":"/css/style.css","service":"tech-rental-app","statusCode":304,"timestamp":"2026-09-10 11:09:17.136","url":"/css/style.css"}
{"durationMs":"5.38","level":"info","message":"HTTP 304 on GET /css/StaggeredMenu.css","method":"GET","route":"/css/StaggeredMenu.css","service":"tech-rental-app","statusCode":304,"timestamp":"2026-09-10 11:09:17.150","url":"/css/StaggeredMenu.css"}
{"durationMs":"7.17","level":"info","message":"HTTP 304 on GET /js/components.js","method":"GET","route":"/js/components.js","service":"tech-rental-app","statusCode":304,"timestamp":"2026-09-10 11:09:17.152","url":"/js/components.js"}
{"durationMs":"9.32","level":"info","message":"HTTP 304 on GET /js/product-detail.js","method":"GET","route":"/js/product-detail.js","service":"tech-rental-app","statusCode":304,"timestamp":"2026-09-10 11:09:17.156","url":"/js/product-detail.js"}
{"durationMs":"16.51","level":"info","message":"HTTP 304 on GET /js/app.js","method":"GET","route":"/js/app.js","service":"tech-rental-app","statusCode":304,"timestamp":"2026-09-10 11:09:17.164","url":"/js/app.js"}
{"durationMs":"23.79","level":"info","message":"HTTP 304 on GET /js/popup-component.js","method":"GET","route":"/js/popup-component.js","service":"tech-rental-app","statusCode":304,"timestamp":"2026-09-10 11:09:17.172","url":"/js/popup-component.js"}
{"durationMs":"1410.50","level":"info","message":"HTTP 304 on GET /api/cart","method":"GET","route":"/api/cart","service":"tech-rental-app","statusCode":304,"timestamp":"2026-09-10 11:09:18.653","url":"/api/cart"}
{"durationMs":"3884.77","level":"info","message":"HTTP 200 on GET /api/products/1","method":"GET","route":"/api/products/:id","service":"tech-rental-app","statusCode":200,"timestamp":"2026-09-10 11:09:21.101","url":"/api/products/1"}
{"durationMs":"185.19","level":"info","message":"HTTP 304 on GET /api/favorites/check/1","method":"GET","route":"/api/favorites/check/:id","service":"tech-rental-app","statusCode":304,"timestamp":"2026-09-10 11:09:21.303","url":"/api/favorites/check/1"}
{"durationMs":"5.71","level":"info","message":"HTTP 304 on GET /other","method":"GET","route":"/other","service":"tech-rental-app","statusCode":304,"timestamp":"2026-09-10 11:09:21.321","url":"/other"}
{"durationMs":"2240.90","level":"info","message":"HTTP 304 on GET /api/admin/devices/1","method":"GET","route":"/api/admin/devices/:id","service":"tech-rental-app","statusCode":304,"timestamp":"2026-09-10 11:09:46.231","url":"/api/admin/devices/1"}
{"durationMs":"542.74","level":"info","message":"HTTP 304 on GET /api/admin/devices/1","method":"GET","route":"/api/admin/devices/:id","service":"tech-rental-app","statusCode":304,"timestamp":"2026-09-10 11:09:46.781","url":"/api/admin/devices/1"}
{"durationMs":"2219.30","level":"info","message":"HTTP 200 on GET /api/admin/devices/1","method":"GET","route":"/api/admin/devices/:id","service":"tech-rental-app","statusCode":200,"timestamp":"2026-09-10 11:17:08.876","url":"/api/admin/devices/1"}
{"durationMs":"10.60","level":"info","message":"HTTP 200 on GET /admin","method":"GET","route":"/admin","service":"tech-rental-app","statusCode":200,"timestamp":"2026-09-10 11:17:15.208","url":"/admin"}
{"durationMs":"7.96","level":"info","message":"HTTP 200 on GET /admin","method":"GET","route":"/admin","service":"tech-rental-app","statusCode":200,"timestamp":"2026-09-10 11:17:46.207","url":"/admin"}
{"durationMs":"2.44","level":"info","message":"HTTP 304 on GET /css/style.css","method":"GET","route":"/css/style.css","service":"tech-rental-app","statusCode":304,"timestamp":"2026-09-10 11:17:46.254","url":"/css/style.css"}
{"durationMs":"1893.35","level":"info","message":"HTTP 304 on GET /api/admin/meta","method":"GET","route":"/api/admin/meta","service":"tech-rental-app","statusCode":304,"timestamp":"2026-09-10 11:17:48.181","url":"/api/admin/meta"}
{"durationMs":"200.17","level":"info","message":"HTTP 304 on GET /api/admin/devices?status=active","method":"GET","route":"/api/admin/devices","service":"tech-rental-app","statusCode":304,"timestamp":"2026-09-10 11:17:48.391","url":"/api/admin/devices?status=active"}
{"durationMs":"5.47","level":"info","message":"HTTP 304 on GET /other","method":"GET","route":"/other","service":"tech-rental-app","statusCode":304,"timestamp":"2026-09-10 11:17:48.406","url":"/other"}
{"durationMs":"1421.36","level":"info","message":"HTTP 304 on GET /api/admin/customers","method":"GET","route":"/api/admin/customers","service":"tech-rental-app","statusCode":304,"timestamp":"2026-09-10 11:17:49.619","url":"/api/admin/customers"}
{"durationMs":"1444.01","level":"info","message":"HTTP 304 on GET /api/admin/orders?status=","method":"GET","route":"/api/admin/orders","service":"tech-rental-app","statusCode":304,"timestamp":"2026-09-10 11:17:49.641","url":"/api/admin/orders?status="}
{"durationMs":"722.66","level":"info","message":"HTTP 200 on GET /api/admin/devices/29","method":"GET","route":"/api/admin/devices/:id","service":"tech-rental-app","statusCode":200,"timestamp":"2026-09-10 11:17:51.048","url":"/api/admin/devices/29"}
{"durationMs":"710.64","level":"info","message":"HTTP 304 on GET /api/admin/devices/29","method":"GET","route":"/api/admin/devices/:id","service":"tech-rental-app","statusCode":304,"timestamp":"2026-09-10 11:17:58.434","url":"/api/admin/devices/29"}
{"durationMs":"531.35","level":"info","message":"HTTP 304 on GET /api/admin/devices/29","method":"GET","route":"/api/admin/devices/:id","service":"tech-rental-app","statusCode":304,"timestamp":"2026-09-10 11:18:03.336","url":"/api/admin/devices/29"}
{"durationMs":"643.68","level":"info","message":"HTTP 304 on GET /api/admin/devices/29","method":"GET","route":"/api/admin/devices/:id","service":"tech-rental-app","statusCode":304,"timestamp":"2026-09-10 11:18:08.059","url":"/api/admin/devices/29"}
{"durationMs":"320.73","level":"info","message":"HTTP 304 on GET /api/admin/categories","method":"GET","route":"/api/admin/categories","service":"tech-rental-app","statusCode":304,"timestamp":"2026-09-10 11:18:14.393","url":"/api/admin/categories"}
{"durationMs":"269.98","level":"info","message":"HTTP 304 on GET /api/admin/orders?status=","method":"GET","route":"/api/admin/orders","service":"tech-rental-app","statusCode":304,"timestamp":"2026-09-10 11:18:19.724","url":"/api/admin/orders?status="}
{"durationMs":"201.82","level":"info","message":"HTTP 304 on GET /api/admin/customers","method":"GET","route":"/api/admin/customers","service":"tech-rental-app","statusCode":304,"timestamp":"2026-09-10 11:18:24.438","url":"/api/admin/customers"}
{"durationMs":"232.49","level":"info","message":"HTTP 304 on GET /api/admin/payments","method":"GET","route":"/api/admin/payments","service":"tech-rental-app","statusCode":304,"timestamp":"2026-09-10 11:18:29.552","url":"/api/admin/payments"}
{"durationMs":"284.95","level":"info","message":"HTTP 304 on GET /api/admin/orders?status=","method":"GET","route":"/api/admin/orders","service":"tech-rental-app","statusCode":304,"timestamp":"2026-09-10 11:18:33.207","url":"/api/admin/orders?status="}
{"durationMs":"287.23","level":"info","message":"HTTP 304 on GET /api/admin/categories","method":"GET","route":"/api/admin/categories","service":"tech-rental-app","statusCode":304,"timestamp":"2026-09-10 11:18:33.977","url":"/api/admin/categories"}
{"durationMs":"1883.90","level":"info","message":"HTTP 304 on GET /api/admin/devices?status=active","method":"GET","route":"/api/admin/devices","service":"tech-rental-app","statusCode":304,"timestamp":"2026-09-10 11:18:56.181","url":"/api/admin/devices?status=active"}
{"durationMs":"3.67","level":"info","message":"HTTP 304 on GET /other","method":"GET","route":"/other","service":"tech-rental-app","statusCode":304,"timestamp":"2026-09-10 11:18:56.196","url":"/other"}
{"durationMs":"525.55","level":"info","message":"HTTP 304 on GET /api/admin/devices/29","method":"GET","route":"/api/admin/devices/:id","service":"tech-rental-app","statusCode":304,"timestamp":"2026-09-10 11:18:57.554","url":"/api/admin/devices/29"}
{"durationMs":"1912.36","level":"info","message":"HTTP 200 on POST /api/admin/categories","method":"POST","route":"/api/admin/categories","service":"tech-rental-app","statusCode":200,"timestamp":"2026-09-10 11:23:04.190","url":"/api/admin/categories"}
{"level":"info","message":"Admin soft deleted category #27","service":"tech-rental-app","timestamp":"2026-09-10 11:23:04.387"}
{"durationMs":"175.76","level":"info","message":"HTTP 200 on DELETE /api/admin/categories/27","method":"DELETE","route":"/api/admin/categories/:id","service":"tech-rental-app","statusCode":200,"timestamp":"2026-09-10 11:23:04.390","url":"/api/admin/categories/27"}
{"durationMs":"183.85","level":"info","message":"HTTP 200 on GET /api/admin/categories?status=active","method":"GET","route":"/api/admin/categories","service":"tech-rental-app","statusCode":200,"timestamp":"2026-09-10 11:23:04.596","url":"/api/admin/categories?status=active"}
{"durationMs":"137.84","level":"info","message":"HTTP 200 on GET /api/admin/categories?status=deleted","method":"GET","route":"/api/admin/categories","service":"tech-rental-app","statusCode":200,"timestamp":"2026-09-10 11:23:04.742","url":"/api/admin/categories?status=deleted"}
{"level":"info","message":"Admin restored category #27","service":"tech-rental-app","timestamp":"2026-09-10 11:23:05.005"}
{"durationMs":"260.87","level":"info","message":"HTTP 200 on POST /api/admin/categories/27/restore","method":"POST","route":"/api/admin/categories/:id/restore","service":"tech-rental-app","statusCode":200,"timestamp":"2026-09-10 11:23:05.008","url":"/api/admin/categories/27/restore"}
{"durationMs":"198.40","level":"info","message":"HTTP 200 on GET /api/admin/categories?status=active","method":"GET","route":"/api/admin/categories","service":"tech-rental-app","statusCode":200,"timestamp":"2026-09-10 11:23:05.210","url":"/api/admin/categories?status=active"}
{"level":"info","message":"Admin soft deleted category #27","service":"tech-rental-app","timestamp":"2026-09-10 11:23:05.417"}
{"durationMs":"203.23","level":"info","message":"HTTP 200 on DELETE /api/admin/categories/27","method":"DELETE","route":"/api/admin/categories/:id","service":"tech-rental-app","statusCode":200,"timestamp":"2026-09-10 11:23:05.418","url":"/api/admin/categories/27"}
{"durationMs":"32.24","level":"info","message":"HTTP 200 on GET /admin","method":"GET","route":"/admin","service":"tech-rental-app","statusCode":200,"timestamp":"2026-09-10 11:23:52.554","url":"/admin"}
{"durationMs":"2.39","level":"info","message":"HTTP 304 on GET /css/style.css","method":"GET","route":"/css/style.css","service":"tech-rental-app","statusCode":304,"timestamp":"2026-09-10 11:23:52.596","url":"/css/style.css"}
{"durationMs":"3174.72","level":"info","message":"HTTP 304 on GET /api/admin/meta","method":"GET","route":"/api/admin/meta","service":"tech-rental-app","statusCode":304,"timestamp":"2026-09-10 11:23:56.938","url":"/api/admin/meta"}
{"durationMs":"305.69","level":"info","message":"HTTP 304 on GET /api/admin/devices?status=active","method":"GET","route":"/api/admin/devices","service":"tech-rental-app","statusCode":304,"timestamp":"2026-09-10 11:23:57.257","url":"/api/admin/devices?status=active"}
{"durationMs":"3.71","level":"info","message":"HTTP 304 on GET /other","method":"GET","route":"/other","service":"tech-rental-app","statusCode":304,"timestamp":"2026-09-10 11:23:57.270","url":"/other"}
{"durationMs":"1708.90","level":"info","message":"HTTP 304 on GET /api/admin/customers","method":"GET","route":"/api/admin/customers","service":"tech-rental-app","statusCode":304,"timestamp":"2026-09-10 11:23:58.681","url":"/api/admin/customers"}
{"durationMs":"1731.46","level":"info","message":"HTTP 304 on GET /api/admin/orders?status=","method":"GET","route":"/api/admin/orders","service":"tech-rental-app","statusCode":304,"timestamp":"2026-09-10 11:23:58.693","url":"/api/admin/orders?status="}
{"durationMs":"451.23","level":"info","message":"HTTP 200 on GET /api/admin/categories?status=active","method":"GET","route":"/api/admin/categories","service":"tech-rental-app","statusCode":200,"timestamp":"2026-09-10 11:24:00.301","url":"/api/admin/categories?status=active"}
{"durationMs":"6.94","level":"info","message":"HTTP 304 on GET /M%C3%B4%20t%E1%BA%A3%20cho%20%C4%90i%E1%BB%87n%20tho%E1%BA%A1i","method":"GET","route":"/M%C3%B4%20t%E1%BA%A3%20cho%20%C4%90i%E1%BB%87n%20tho%E1%BA%A1i","service":"tech-rental-app","statusCode":304,"timestamp":"2026-09-10 11:24:00.318","url":"/M%C3%B4%20t%E1%BA%A3%20cho%20%C4%90i%E1%BB%87n%20tho%E1%BA%A1i"}
{"durationMs":"7.45","level":"info","message":"HTTP 304 on GET /Safe%20Description%20with%20HTML%20tags","method":"GET","route":"/Safe%20Description%20with%20HTML%20tags","service":"tech-rental-app","statusCode":304,"timestamp":"2026-09-10 11:24:00.322","url":"/Safe%20Description%20with%20HTML%20tags"}
{"durationMs":"4.83","level":"info","message":"HTTP 200 on GET /admin","method":"GET","route":"/admin","service":"tech-rental-app","statusCode":200,"timestamp":"2026-09-10 11:29:02.947","url":"/admin"}
